[
  {
    "day": 1,
    "totals": {
      "energy_kWh": 199.92,
      "water_m3": 0.072,
      "biomassGain_kg": 3.388056599,
      "heatLoad_kWh": 184.8,
      "harvestYield_kg": 0,
      "cost_electricity": 37.9848,
      "cost_water": 0.1512,
      "cost_total": 38.136
    },
    "events": {
      "harvests": 0,
      "irrigationEvents": 5,
      "maintenanceTasks": 4
    },
    "hash": "da6519494cf812ad10cc70202093e2a7c35c8f87cb47aacb491844810807cfbd"
  },
  {
    "day": 2,
    "totals": {
      "energy_kWh": 199.92,
      "water_m3": 0.072,
      "biomassGain_kg": 3.386902565,
      "heatLoad_kWh": 184.8,
      "harvestYield_kg": 0,
      "cost_electricity": 37.9848,
      "cost_water": 0.1512,
      "cost_total": 38.136
    },
    "events": {
      "harvests": 0,
      "irrigationEvents": 5,
      "maintenanceTasks": 4
    },
    "hash": "76889a572e853907386a5fd1ddd7916f3dab81bc365ed9aed56f06bc7cf79b56"
  },
  {
    "day": 3,
    "totals": {
      "energy_kWh": 199.92,
      "water_m3": 0.072,
      "biomassGain_kg": 3.388741143,
      "heatLoad_kWh": 184.8,
      "harvestYield_kg": 0,
      "cost_electricity": 37.9848,
      "cost_water": 0.1512,
      "cost_total": 38.136
    },
    "events": {
      "harvests": 0,
      "irrigationEvents": 5,
      "maintenanceTasks": 4
    },
    "hash": "1d0c270f53d25e9c82111cd9c3ae43d12666f4e6f211210e1a255b9f3b4dc17f"
  },
  {
    "day": 4,
    "totals": {
      "energy_kWh": 199.92,
      "water_m3": 0.072,
      "biomassGain_kg": 3.390355752,
      "heatLoad_kWh": 184.8,
      "harvestYield_kg": 0,
      "cost_electricity": 37.9848,
      "cost_water": 0.1512,
      "cost_total": 38.136
    },
    "events": {
      "harvests": 0,
      "irrigationEvents": 5,
      "maintenanceTasks": 4
    },
    "hash": "226d2f9da15019aad0f2711fa0ce6e280a8fc68129ff7737ff31aca21a3dc091"
  },
  {
    "day": 5,
    "totals": {
      "energy_kWh": 199.92,
      "water_m3": 0.072,
      "biomassGain_kg": 3.388128716,
      "heatLoad_kWh": 184.8,
      "harvestYield_kg": 0,
      "cost_electricity": 37.9848,
      "cost_water": 0.1512,
      "cost_total": 38.136
    },
    "events": {
      "harvests": 0,
      "irrigationEvents": 5,
      "maintenanceTasks": 4
    },
    "hash": "02a6f047b79bf1858e20bce7e03db17496ccd1b3ff01df8941ba527647ec816a"
  },
  {
    "day": 6,
    "totals": {
      "energy_kWh": 199.92,
      "water_m3": 0.072,
      "biomassGain_kg": 3.393150841,
      "heatLoad_kWh": 184.8,
      "harvestYield_kg": 0,
      "cost_electricity": 37.9848,
      "cost_water": 0.1512,
      "cost_total": 38.136
    },
    "events": {
      "harvests": 0,
      "irrigationEvents": 5,
      "maintenanceTasks": 4
    },
    "hash": "c2157cbb51bfa65df8e23efac1761cc2bd27c3a8aa02c0ce400ed7e27aa1865f"
  },
  {
    "day": 7,
    "totals": {
      "energy_kWh": 199.92,
      "water_m3": 0.072,
      "biomassGain_kg": 3.39316019,
      "heatLoad_kWh": 184.8,
      "harvestYield_kg": 0,
      "cost_electricity": 37.9848,
      "cost_water": 0.1512,
      "cost_total": 38.136
    },
    "events": {
      "harvests": 0,
      "irrigationEvents": 5,
      "maintenanceTasks": 4
    },
    "hash": "145a8328098cf6a265278c32fda2d16f4a62f6c5bb2b5d779ccfae8ed5c7513f"
  }
]
